---
source: src/domain.rs
expression: out
---
Draft + Edit by Owner -> Draft
Draft + Edit by Agent -> forbidden
Draft + Delete by Owner -> deleted
Draft + Delete by Agent -> forbidden
Draft + Submit by Owner -> Open
Draft + Submit by Agent -> forbidden
Draft + OwnerMessage by Owner -> invalid
Draft + OwnerMessage by Agent -> forbidden
Draft + AgentChanged by Owner -> forbidden
Draft + AgentChanged by Agent -> invalid
Draft + AgentAnswered by Owner -> forbidden
Draft + AgentAnswered by Agent -> invalid
Draft + AgentClarify by Owner -> forbidden
Draft + AgentClarify by Agent -> invalid
Draft + Resolve by Owner -> invalid
Draft + Resolve by Agent -> forbidden
Draft + Reopen by Owner -> invalid
Draft + Reopen by Agent -> forbidden
Draft + Orphan by Owner -> Draft
Draft + Orphan by Agent -> Draft
Open + Edit by Owner -> invalid
Open + Edit by Agent -> forbidden
Open + Delete by Owner -> invalid
Open + Delete by Agent -> forbidden
Open + Submit by Owner -> Open
Open + Submit by Agent -> forbidden
Open + OwnerMessage by Owner -> Open
Open + OwnerMessage by Agent -> forbidden
Open + AgentChanged by Owner -> forbidden
Open + AgentChanged by Agent -> Verify
Open + AgentAnswered by Owner -> forbidden
Open + AgentAnswered by Agent -> Verify
Open + AgentClarify by Owner -> forbidden
Open + AgentClarify by Agent -> Clarify
Open + Resolve by Owner -> invalid
Open + Resolve by Agent -> forbidden
Open + Reopen by Owner -> invalid
Open + Reopen by Agent -> forbidden
Open + Orphan by Owner -> Orphaned
Open + Orphan by Agent -> Orphaned
Clarify + Edit by Owner -> invalid
Clarify + Edit by Agent -> forbidden
Clarify + Delete by Owner -> invalid
Clarify + Delete by Agent -> forbidden
Clarify + Submit by Owner -> invalid
Clarify + Submit by Agent -> forbidden
Clarify + OwnerMessage by Owner -> Open
Clarify + OwnerMessage by Agent -> forbidden
Clarify + AgentChanged by Owner -> forbidden
Clarify + AgentChanged by Agent -> invalid
Clarify + AgentAnswered by Owner -> forbidden
Clarify + AgentAnswered by Agent -> invalid
Clarify + AgentClarify by Owner -> forbidden
Clarify + AgentClarify by Agent -> invalid
Clarify + Resolve by Owner -> Resolved
Clarify + Resolve by Agent -> forbidden
Clarify + Reopen by Owner -> invalid
Clarify + Reopen by Agent -> forbidden
Clarify + Orphan by Owner -> Orphaned
Clarify + Orphan by Agent -> Orphaned
Verify + Edit by Owner -> invalid
Verify + Edit by Agent -> forbidden
Verify + Delete by Owner -> invalid
Verify + Delete by Agent -> forbidden
Verify + Submit by Owner -> invalid
Verify + Submit by Agent -> forbidden
Verify + OwnerMessage by Owner -> invalid
Verify + OwnerMessage by Agent -> forbidden
Verify + AgentChanged by Owner -> forbidden
Verify + AgentChanged by Agent -> invalid
Verify + AgentAnswered by Owner -> forbidden
Verify + AgentAnswered by Agent -> invalid
Verify + AgentClarify by Owner -> forbidden
Verify + AgentClarify by Agent -> invalid
Verify + Resolve by Owner -> Resolved
Verify + Resolve by Agent -> forbidden
Verify + Reopen by Owner -> Open
Verify + Reopen by Agent -> forbidden
Verify + Orphan by Owner -> Verify
Verify + Orphan by Agent -> Verify
Resolved + Edit by Owner -> invalid
Resolved + Edit by Agent -> forbidden
Resolved + Delete by Owner -> invalid
Resolved + Delete by Agent -> forbidden
Resolved + Submit by Owner -> invalid
Resolved + Submit by Agent -> forbidden
Resolved + OwnerMessage by Owner -> invalid
Resolved + OwnerMessage by Agent -> forbidden
Resolved + AgentChanged by Owner -> forbidden
Resolved + AgentChanged by Agent -> invalid
Resolved + AgentAnswered by Owner -> forbidden
Resolved + AgentAnswered by Agent -> invalid
Resolved + AgentClarify by Owner -> forbidden
Resolved + AgentClarify by Agent -> invalid
Resolved + Resolve by Owner -> invalid
Resolved + Resolve by Agent -> forbidden
Resolved + Reopen by Owner -> Open
Resolved + Reopen by Agent -> forbidden
Resolved + Orphan by Owner -> Resolved
Resolved + Orphan by Agent -> Resolved
Orphaned + Edit by Owner -> invalid
Orphaned + Edit by Agent -> forbidden
Orphaned + Delete by Owner -> invalid
Orphaned + Delete by Agent -> forbidden
Orphaned + Submit by Owner -> invalid
Orphaned + Submit by Agent -> forbidden
Orphaned + OwnerMessage by Owner -> invalid
Orphaned + OwnerMessage by Agent -> forbidden
Orphaned + AgentChanged by Owner -> forbidden
Orphaned + AgentChanged by Agent -> invalid
Orphaned + AgentAnswered by Owner -> forbidden
Orphaned + AgentAnswered by Agent -> invalid
Orphaned + AgentClarify by Owner -> forbidden
Orphaned + AgentClarify by Agent -> invalid
Orphaned + Resolve by Owner -> Resolved
Orphaned + Resolve by Agent -> forbidden
Orphaned + Reopen by Owner -> Open
Orphaned + Reopen by Agent -> forbidden
Orphaned + Orphan by Owner -> Orphaned
Orphaned + Orphan by Agent -> Orphaned
